
> foresee@0.1.0 build
> next build

  ▲ Next.js 14.2.18
  - Environments: .env

   Creating an optimized production build ...
 ✓ Compiled successfully
   Linting and checking validity of types ...

Failed to compile.

./app/dashboard/page.tsx
80:8  Warning: React Hook useEffect has a missing dependency: 'fetchDashboard'. Either include it or remove the dependency array.  react-hooks/exhaustive-deps
94:8  Warning: React Hook useEffect has a missing dependency: 'fetchDashboard'. Either include it or remove the dependency array.  react-hooks/exhaustive-deps

./app/decisions-inbox/page.tsx
317:35  Error: `"` can be escaped with `&quot;`, `&ldquo;`, `&#34;`, `&rdquo;`.  react/no-unescaped-entities
317:65  Error: `"` can be escaped with `&quot;`, `&ldquo;`, `&#34;`, `&rdquo;`.  react/no-unescaped-entities

./app/projects/page.tsx
83:6  Warning: React Hook useEffect has a missing dependency: 'fetchProjects'. Either include it or remove the dependency array.  react-hooks/exhaustive-deps

./app/research/scan/[id]/page.tsx
64:8  Warning: React Hook useEffect has a missing dependency: 'fetchScanDetail'. Either include it or remove the dependency array.  react-hooks/exhaustive-deps

./app/weekly-briefs/page.tsx
54:6  Warning: React Hook useEffect has a missing dependency: 'fetchScans'. Either include it or remove the dependency array.  react-hooks/exhaustive-deps

./components/DecisionAssessmentPanel.tsx
53:6  Warning: React Hook useEffect has a missing dependency: 'checkBoundaryConflicts'. Either include it or remove the dependency array.  react-hooks/exhaustive-deps

./components/DecisionCard.tsx
20:6  Warning: React Hook useEffect has a missing dependency: 'loadAssessment'. Either include it or remove the dependency array.  react-hooks/exhaustive-deps

info  - Need to disable some ESLint rules? Learn more here: https://nextjs.org/docs/basic-features/eslint#disabling-rules
